// Jest Snapshot v1, https://goo.gl/fbAQLP

exports[`SignUp Component SignUp component should render and match snapshot 1`] = `
<RCTScrollView
  style={
    Object {
      "backgroundColor": "#5c6bc0",
      "flex": 1,
    }
  }
>
  <View>
    <View
      style={
        Object {
          "flex": 1,
          "paddingHorizontal": 30,
        }
      }
    >
      <View
        style={
          Object {
            "alignItems": "center",
            "color": "#ffffff",
            "fontSize": 24,
            "justifyContent": "center",
            "marginBottom": 20,
            "marginTop": 48,
          }
        }
      >
        <Text
          style={
            Object {
              "alignItems": "center",
              "color": "#ffffff",
              "fontSize": 24,
              "justifyContent": "center",
              "marginBottom": 20,
              "marginTop": 48,
            }
          }
        >
          Register
        </Text>
      </View>
      <View>
        <View
          style={
            Array [
              Object {
                "backgroundColor": "rgb(231, 231, 231)",
                "borderTopLeftRadius": 4,
                "borderTopRightRadius": 4,
              },
              Object {
                "alignSelf": "stretch",
                "marginBottom": 20,
              },
            ]
          }
        >
          <View
            style={
              Object {
                "backgroundColor": "rgba(0, 0, 0, 0.26)",
                "bottom": 0,
                "height": 2,
                "left": 0,
                "position": "absolute",
                "right": 0,
                "transform": Array [
                  Object {
                    "scaleY": 0.5,
                  },
                ],
              }
            }
          />
          <View
            style={
              Object {
                "minHeight": 64,
                "paddingBottom": 0,
                "paddingTop": 0,
              }
            }
          >
            <TextInput
              allowFontScaling={true}
              editable={true}
              multiline={false}
              onBlur={[Function]}
              onChangeText={[Function]}
              onFocus={[Function]}
              onSubmitEditing={[Function]}
              placeholder="Forename"
              placeholderTextColor="rgba(0, 0, 0, 0.54)"
              rejectResponderTermination={true}
              selectionColor="#6200ee"
              style={
                Array [
                  Object {
                    "flexGrow": 1,
                    "margin": 0,
                    "textAlign": "left",
                    "zIndex": 1,
                  },
                  Object {
                    "paddingHorizontal": 12,
                  },
                  Object {
                    "height": 64,
                  },
                  Object {
                    "paddingBottom": 0,
                    "paddingTop": 0,
                  },
                  Object {
                    "color": "#000000",
                    "fontFamily": "System",
                    "fontSize": 16,
                    "fontWeight": undefined,
                    "textAlignVertical": "center",
                  },
                ]
              }
              underlineColorAndroid="transparent"
            />
          </View>
        </View>
        <View
          style={
            Array [
              Object {
                "backgroundColor": "rgb(231, 231, 231)",
                "borderTopLeftRadius": 4,
                "borderTopRightRadius": 4,
              },
              Object {
                "alignSelf": "stretch",
                "marginBottom": 20,
              },
            ]
          }
        >
          <View
            style={
              Object {
                "backgroundColor": "rgba(0, 0, 0, 0.26)",
                "bottom": 0,
                "height": 2,
                "left": 0,
                "position": "absolute",
                "right": 0,
                "transform": Array [
                  Object {
                    "scaleY": 0.5,
                  },
                ],
              }
            }
          />
          <View
            style={
              Object {
                "minHeight": 64,
                "paddingBottom": 0,
                "paddingTop": 0,
              }
            }
          >
            <TextInput
              allowFontScaling={true}
              editable={true}
              multiline={false}
              onBlur={[Function]}
              onChangeText={[Function]}
              onFocus={[Function]}
              onSubmitEditing={[Function]}
              placeholder="Surname"
              placeholderTextColor="rgba(0, 0, 0, 0.54)"
              rejectResponderTermination={true}
              selectionColor="#6200ee"
              style={
                Array [
                  Object {
                    "flexGrow": 1,
                    "margin": 0,
                    "textAlign": "left",
                    "zIndex": 1,
                  },
                  Object {
                    "paddingHorizontal": 12,
                  },
                  Object {
                    "height": 64,
                  },
                  Object {
                    "paddingBottom": 0,
                    "paddingTop": 0,
                  },
                  Object {
                    "color": "#000000",
                    "fontFamily": "System",
                    "fontSize": 16,
                    "fontWeight": undefined,
                    "textAlignVertical": "center",
                  },
                ]
              }
              underlineColorAndroid="transparent"
            />
          </View>
        </View>
        <View
          style={
            Array [
              Object {
                "backgroundColor": "rgb(231, 231, 231)",
                "borderTopLeftRadius": 4,
                "borderTopRightRadius": 4,
              },
              Object {
                "alignSelf": "stretch",
                "marginBottom": 20,
              },
            ]
          }
        >
          <View
            style={
              Object {
                "backgroundColor": "rgba(0, 0, 0, 0.26)",
                "bottom": 0,
                "height": 2,
                "left": 0,
                "position": "absolute",
                "right": 0,
                "transform": Array [
                  Object {
                    "scaleY": 0.5,
                  },
                ],
              }
            }
          />
          <View
            style={
              Object {
                "minHeight": 64,
                "paddingBottom": 0,
                "paddingTop": 0,
              }
            }
          >
            <TextInput
              allowFontScaling={true}
              editable={true}
              multiline={false}
              onBlur={[Function]}
              onChangeText={[Function]}
              onFocus={[Function]}
              onSubmitEditing={[Function]}
              placeholder="Email"
              placeholderTextColor="rgba(0, 0, 0, 0.54)"
              rejectResponderTermination={true}
              selectionColor="#6200ee"
              style={
                Array [
                  Object {
                    "flexGrow": 1,
                    "margin": 0,
                    "textAlign": "left",
                    "zIndex": 1,
                  },
                  Object {
                    "paddingHorizontal": 12,
                  },
                  Object {
                    "height": 64,
                  },
                  Object {
                    "paddingBottom": 0,
                    "paddingTop": 0,
                  },
                  Object {
                    "color": "#000000",
                    "fontFamily": "System",
                    "fontSize": 16,
                    "fontWeight": undefined,
                    "textAlignVertical": "center",
                  },
                ]
              }
              underlineColorAndroid="transparent"
            />
          </View>
        </View>
        <View
          style={
            Array [
              Object {
                "backgroundColor": "rgb(231, 231, 231)",
                "borderTopLeftRadius": 4,
                "borderTopRightRadius": 4,
              },
              Object {
                "alignSelf": "stretch",
                "marginBottom": 20,
              },
            ]
          }
        >
          <View
            style={
              Object {
                "backgroundColor": "rgba(0, 0, 0, 0.26)",
                "bottom": 0,
                "height": 2,
                "left": 0,
                "position": "absolute",
                "right": 0,
                "transform": Array [
                  Object {
                    "scaleY": 0.5,
                  },
                ],
              }
            }
          />
          <View
            style={
              Object {
                "minHeight": 64,
                "paddingBottom": 0,
                "paddingTop": 0,
              }
            }
          >
            <TextInput
              allowFontScaling={true}
              editable={true}
              multiline={false}
              onBlur={[Function]}
              onChangeText={[Function]}
              onFocus={[Function]}
              placeholder="Password"
              placeholderTextColor="rgba(0, 0, 0, 0.54)"
              rejectResponderTermination={true}
              secureTextEntry={true}
              selectionColor="#6200ee"
              style={
                Array [
                  Object {
                    "flexGrow": 1,
                    "margin": 0,
                    "textAlign": "left",
                    "zIndex": 1,
                  },
                  Object {
                    "paddingHorizontal": 12,
                  },
                  Object {
                    "height": 64,
                  },
                  Object {
                    "paddingBottom": 0,
                    "paddingTop": 0,
                  },
                  Object {
                    "color": "#000000",
                    "fontFamily": "System",
                    "fontSize": 16,
                    "fontWeight": undefined,
                    "textAlignVertical": "center",
                  },
                ]
              }
              underlineColorAndroid="transparent"
            />
          </View>
        </View>
        <View
          accessible={true}
          focusable={true}
          isTVSelectable={true}
          onClick={[Function]}
          onResponderGrant={[Function]}
          onResponderMove={[Function]}
          onResponderRelease={[Function]}
          onResponderTerminate={[Function]}
          onResponderTerminationRequest={[Function]}
          onStartShouldSetResponder={[Function]}
          style={
            Object {
              "alignItems": "center",
              "backgroundColor": "#8e99f3",
              "borderRadius": 4,
              "fontSize": 16,
              "justifyContent": "center",
              "marginTop": 32,
              "opacity": 1,
              "paddingVertical": 12,
            }
          }
        >
          <Text>
            Register
          </Text>
        </View>
      </View>
    </View>
  </View>
</RCTScrollView>
`;
